// Jest Snapshot v1, https://goo.gl/fbAQLP

exports[`Snapshot 1`] = `
Object {
  "Mappings": Object {
    "AsteriskInstanceAmiMapD5119D2F": Object {
      "us-east-1": Object {
        "ami": Object {
          "Ref": "SsmParameterValueawsservicecanonicalubuntuserverjammystablecurrentarm64hvmebsgp2amiidC96584B6F00A464EAD1953AFF4B05118Parameter",
        },
      },
    },
  },
  "Outputs": Object {
    "DistributionUrl": Object {
      "Value": Object {
        "Fn::Join": Array [
          "",
          Array [
            "https://",
            Object {
              "Fn::GetAtt": Array [
                "DistributionResourcesDistribution80C53434",
                "DomainName",
              ],
            },
            "/",
          ],
        ],
      },
    },
    "phoneNumber": Object {
      "Value": Object {
        "Fn::GetAtt": Array [
          "VoiceConnectorvoiceConnectorPhoneNumberChimePhoneNumberpstnCustomResource78CB2D67",
          "phoneNumber",
        ],
      },
    },
    "setVoiceConnectorId": Object {
      "Value": Object {
        "Fn::Join": Array [
          "",
          Array [
            "export VOICECONNECTORID=",
            Object {
              "Fn::GetAtt": Array [
                "VoiceConnectorpstnVoiceConnectorvoiceConnectorRequestpstnCustomResource27AF2C83",
                "voiceConnectorId",
              ],
            },
          ],
        ],
      },
    },
    "sshCommand": Object {
      "Value": Object {
        "Fn::Join": Array [
          "",
          Array [
            "ssh ubuntu@",
            Object {
              "Ref": "VPCasteriskEip406AFABB",
            },
          ],
        ],
      },
    },
    "ssmCommand": Object {
      "Value": Object {
        "Fn::Join": Array [
          "",
          Array [
            "aws ssm start-session --target ",
            Object {
              "Ref": "AsteriskInstanceDB134462b64acbbf22e26134",
            },
          ],
        ],
      },
    },
    "voiceConnectorId": Object {
      "Value": Object {
        "Fn::GetAtt": Array [
          "VoiceConnectorpstnVoiceConnectorvoiceConnectorRequestpstnCustomResource27AF2C83",
          "voiceConnectorId",
        ],
      },
    },
  },
  "Parameters": Object {
    "BootstrapVersion": Object {
      "Default": "/cdk-bootstrap/hnb659fds/version",
      "Description": "Version of the CDK Bootstrap resources in this environment, automatically retrieved from SSM Parameter Store. [cdk:skip]",
      "Type": "AWS::SSM::Parameter::Value<String>",
    },
    "SsmParameterValueawsservicecanonicalubuntuserverjammystablecurrentarm64hvmebsgp2amiidC96584B6F00A464EAD1953AFF4B05118Parameter": Object {
      "Default": "/aws/service/canonical/ubuntu/server/jammy/stable/current/arm64/hvm/ebs-gp2/ami-id",
      "Type": "AWS::SSM::Parameter::Value<String>",
    },
  },
  "Resources": Object {
    "AsteriskEIPAssociation3A327365": Object {
      "Properties": Object {
        "AllocationId": Object {
          "Fn::GetAtt": Array [
            "VPCasteriskEip406AFABB",
            "AllocationId",
          ],
        },
        "InstanceId": Object {
          "Ref": "AsteriskInstanceDB134462b64acbbf22e26134",
        },
      },
      "Type": "AWS::EC2::EIPAssociation",
    },
    "AsteriskInstanceDB134462b64acbbf22e26134": Object {
      "CreationPolicy": Object {
        "ResourceSignal": Object {
          "Count": 1,
          "Timeout": "PT10M",
        },
      },
      "DependsOn": Array [
        "AsteriskserverEc2RoleDefaultPolicy4958C8E5",
        "AsteriskserverEc2Role44C39328",
      ],
      "Metadata": Object {
        "AWS::CloudFormation::Init": Object {
          "cli": Object {
            "commands": Object {
              "000": Object {
                "command": "curl \\"https://awscli.amazonaws.com/awscli-exe-linux-aarch64.zip\\" -o \\"awscliv2.zip\\"",
              },
              "001": Object {
                "command": "unzip -q awscliv2.zip",
              },
              "002": Object {
                "command": "./aws/install",
              },
              "003": Object {
                "command": "echo AWS CLI installed",
              },
            },
          },
          "config": Object {
            "commands": Object {
              "000": Object {
                "command": "corepack enable",
              },
              "001": Object {
                "command": "chmod +x /etc/config_asterisk.sh",
              },
              "002": Object {
                "command": "/etc/config_asterisk.sh",
              },
            },
            "files": Object {
              "/etc/asterisk/asterisk.conf": Object {
                "content": "[options]
runuser = asterisk
rungroup = asterisk",
                "encoding": "plain",
                "group": "root",
                "mode": "000644",
                "owner": "root",
              },
              "/etc/asterisk/extensions.conf": Object {
                "content": "; extensions.conf - the Asterisk dial plan
[general]
static=yes
writeprotect=no
clearglobalvars=no

[from-voiceConnector]
include => inbound_phone

[from-phone]
include => outbound_phone

[outbound_phone]
exten => _+X.,1,NoOP(Outbound Normal)
same => n,Dial(PJSIP/\\\\\${EXTEN}@PSTNVoiceConnector,20)
same => n,Congestion

[inbound_phone]
exten => _+X.,1,NoOP(Inbound Call)
same => n,Answer()
same => n,Wait(1)

same => n,Verbose(Get device status \${DEVICE_STATE(PJSIP/agent)})
same => n,GotoIf($[\${DEVICE_STATE(PJSIP/PHONE_NUMBER)}=UNAVAILABLE]?playAudio:callPhone)

same => n(callPhone),NoOp(callPhone)
same => n,Dial(PJSIP/PHONE_NUMBER)
same => n,Hangup()

same => n(playAudio),NoOp(playAudio)
same => n,Playback(/var/lib/asterisk/sounds/en/AGENT_Retail40)
same => n,Hangup()
",
                "encoding": "plain",
                "group": "root",
                "mode": "000644",
                "owner": "root",
              },
              "/etc/asterisk/http.conf": Object {
                "content": "[general]
enabled=yes
bindaddr=0.0.0.0
bindport=8088
",
                "encoding": "plain",
                "group": "root",
                "mode": "000644",
                "owner": "root",
              },
              "/etc/asterisk/logger.conf": Object {
                "content": "[general]
[logfiles]
console = verbose,notice,warning,error
messages = notice,warning,error",
                "encoding": "plain",
                "group": "root",
                "mode": "000644",
                "owner": "root",
              },
              "/etc/asterisk/modules.conf": Object {
                "content": "[modules]
autoload = no

load = app_bridgewait.so
load = app_dial.so
load = app_playback.so
load = app_stack.so
load = app_verbose.so
load = app_voicemail.so
load = app_directory.so
load = app_confbridge.so
load = app_queue.so
load = app_echo.so
load = app_while.so
load = app_read.so

; Bridging

load = bridge_builtin_features.so
load = bridge_builtin_interval_features.so
load = bridge_holding.so
load = bridge_native_rtp.so
load = bridge_simple.so
load = bridge_softmix.so

; Call Detail Records

load = cdr_custom.so

; Channel Drivers

load = chan_bridge_media.so
load = chan_pjsip.so

; Codecs

load = codec_gsm.so
load = codec_resample.so
load = codec_ulaw.so
load = codec_g722.so

; Formats

load = format_gsm.so
load = format_pcm.so
load = format_wav_gsm.so
load = format_wav.so

; Functions

load = func_callerid.so
load = func_cdr.so
load = func_pjsip_endpoint.so
load = func_sorcery.so
load = func_devstate.so
load = func_strings.so
load = func_cut.so
load = func_rand.so
load = func_shell.so
load = func_env.so

; Core/PBX

load = pbx_config.so

; Resources

load = res_http_websocket.so
load = res_crypto.so
load = res_musiconhold.so
load = res_pjproject.so
load = res_pjsip_acl.so
load = res_pjsip_authenticator_digest.so
load = res_pjsip_caller_id.so
load = res_pjsip_dialog_info_body_generator.so
load = res_pjsip_diversion.so
load = res_pjsip_dtmf_info.so
load = res_pjsip_endpoint_identifier_anonymous.so
load = res_pjsip_endpoint_identifier_ip.so
load = res_pjsip_endpoint_identifier_user.so
load = res_pjsip_exten_state.so
load = res_pjsip_header_funcs.so
load = res_pjsip_logger.so
load = res_pjsip_messaging.so
load = res_pjsip_mwi_body_generator.so
load = res_pjsip_mwi.so
load = res_pjsip_nat.so
load = res_pjsip_notify.so
load = res_pjsip_one_touch_record_info.so
load = res_pjsip_outbound_authenticator_digest.so
load = res_pjsip_outbound_publish.so
load = res_pjsip_outbound_registration.so
load = res_pjsip_path.so
load = res_pjsip_pidf_body_generator.so
load = res_pjsip_pidf_digium_body_supplement.so
load = res_pjsip_pidf_eyebeam_body_supplement.so
load = res_pjsip_publish_asterisk.so
load = res_pjsip_pubsub.so
load = res_pjsip_refer.so
load = res_pjsip_registrar.so
load = res_pjsip_rfc3326.so
load = res_pjsip_sdp_rtp.so
load = res_pjsip_send_to_voicemail.so
load = res_pjsip_session.so
load = res_pjsip.so
load = res_pjsip_t38.so
load = res_pjsip_transport_websocket.so
load = res_pjsip_xpidf_body_generator.so
load = res_rtp_asterisk.so
load = res_sorcery_astdb.so
load = res_sorcery_config.so
load = res_sorcery_memory.so
load = res_sorcery_realtime.so
load = res_timing_timerfd.so
load = res_pjsip_transport_websocket.so
load = res_http_websocket.so
load = res_srtp.so

; Do not load res_hep and kin unless you are using HEP monitoring
; <http://sipcapture.org> in your network.

noload = res_hep.so
noload = res_hep_pjsip.so
noload = res_hep_rtcp.so",
                "encoding": "plain",
                "group": "root",
                "mode": "000644",
                "owner": "root",
              },
              "/etc/asterisk/pjsip.conf": Object {
                "content": "[udp]
type=transport
protocol=udp
bind=0.0.0.0
external_media_address=PUBLIC_IP
external_signaling_address=PUBLIC_IP
allow_reload=yes

[ws]
type=transport
protocol=ws
bind=0.0.0.0
external_media_address=PUBLIC_IP
external_signaling_address=PUBLIC_IP
allow_reload=yes

[PSTNVoiceConnector]
type=endpoint
context=from-voiceConnector
transport=udp
disallow=all
allow=ulaw
aors=PSTNVoiceConnector
direct_media=no
ice_support=yes
force_rport=yes

[PSTNVoiceConnector]
type=identify
endpoint=PSTNVoiceConnector
match=VOICE_CONNECTOR.voiceconnector.chime.aws

[PSTNVoiceConnector]
type=aor
contact=sip:VOICE_CONNECTOR.voiceconnector.chime.aws
qualify_frequency=30

[PHONE_NUMBER]
type=endpoint
aors=PHONE_NUMBER
auth=PHONE_NUMBER
webrtc=yes
context=from-phone
disallow=all
allow=ulaw

[PHONE_NUMBER]
type=auth
auth_type=userpass
username=PHONE_NUMBER
password=STACK_ID

[PHONE_NUMBER]
type=aor
max_contacts=5

",
                "encoding": "plain",
                "group": "root",
                "mode": "000644",
                "owner": "root",
              },
              "/etc/asterisk/rtp.conf": Object {
                "content": "[general]

stunaddr=stun.kinesisvideo.us-east-1.amazonaws.com:443",
                "encoding": "plain",
                "group": "root",
                "mode": "000644",
                "owner": "root",
              },
              "/etc/config.json": Object {
                "content": Object {
                  "IP": Object {
                    "Ref": "VPCasteriskEip406AFABB",
                  },
                  "PHONE_NUMBER": Object {
                    "Fn::GetAtt": Array [
                      "VoiceConnectorvoiceConnectorPhoneNumberChimePhoneNumberpstnCustomResource78CB2D67",
                      "phoneNumber",
                    ],
                  },
                  "REGION": Object {
                    "Ref": "AWS::Region",
                  },
                  "STACK_ID": "test",
                  "VOICE_CONNECTOR": Object {
                    "Fn::GetAtt": Array [
                      "VoiceConnectorpstnVoiceConnectorvoiceConnectorRequestpstnCustomResource27AF2C83",
                      "voiceConnectorId",
                    ],
                  },
                },
                "group": "root",
                "mode": "000644",
                "owner": "root",
              },
              "/etc/config_asterisk.sh": Object {
                "content": "#!/bin/bash -xe

PUBLIC_IP=$( jq -r '.IP' /etc/config.json )
VOICE_CONNECTOR=$( jq -r '.VOICE_CONNECTOR' /etc/config.json )
PHONE_NUMBER=$( jq -r '.PHONE_NUMBER' /etc/config.json )
STACK_ID=$( jq -r '.STACK_ID' /etc/config.json )

/opt/aws/amazon-cloudwatch-agent/bin/amazon-cloudwatch-agent-ctl -a fetch-config -m ec2 -s -c file:/tmp/amazon-cloudwatch-agent.json


sed -i \\"s/PUBLIC_IP/$PUBLIC_IP/g\\" /etc/asterisk/pjsip.conf
sed -i \\"s/VOICE_CONNECTOR/\${VOICE_CONNECTOR}/g\\" /etc/asterisk/pjsip.conf
sed -i \\"s/PHONE_NUMBER/$PHONE_NUMBER/g\\" /etc/asterisk/extensions.conf
sed -i \\"s/PHONE_NUMBER/$PHONE_NUMBER/g\\" /etc/asterisk/pjsip.conf
sed -i \\"s/STACK_ID/$STACK_ID/g\\" /etc/asterisk/pjsip.conf 

echo \\"VOICE_CONNECTOR: \${VOICE_CONNECTOR}\\"
echo \\"PHONE_NUMBER: \${PHONE_NUMBER}\\"
echo \\"STACK_ID: \${STACK_ID}\\"


# aws chime put-voice-connector-origination --voice-connector-id \${VOICE_CONNECTOR} --origination '{\\"Routes\\": [{\\"Host\\": \\"'\${PUBLIC_IP}'\\",\\"Port\\": 5060,\\"Protocol\\": \\"UDP\\",\\"Priority\\": 1,\\"Weight\\": 1}],\\"Disabled\\": false}'
# aws chime put-voice-connector-termination --voice-connector-id \${VOICE_CONNECTOR} --termination '{\\"CpsLimit\\": 1, \\"CallingRegions\\": [\\"US\\"], \\"CidrAllowedList\\": [\\"'\${PUBLIC_IP}'/32\\"], \\"Disabled\\": false}'


usermod -aG audio,dialout asterisk
chown -R asterisk.asterisk /etc/asterisk
chown -R asterisk.asterisk /var/{lib,log,spool}/asterisk

echo '0 * * * * /sbin/asterisk -rx \\"core reload\\"' > /etc/asterisk/crontab.txt 
crontab /etc/asterisk/crontab.txt

systemctl restart asterisk
/sbin/asterisk -rx \\"core reload\\"

cd /home/ubuntu/site
chown ubuntu:ubuntu . -R
yarn && yarn run build
systemctl enable nginx
systemctl restart nginx",
                "encoding": "plain",
                "group": "root",
                "mode": "000644",
                "owner": "root",
              },
              "/etc/nginx/sites-available/default": Object {
                "content": "server {
    listen 80 default_server;
    listen [::]:80 default_server;

    root /var/www/html;
    index index.html;

    server_name _;

    location / {
        try_files $uri $uri/ /index.html;
    }

    location /healthcheck {
        access_log off;
        return 200;
    }

    location ~* \\\\.(?:ico|css|js|gif|jpe?g|png)$ {
        expires max;
        add_header Cache-Control \\"public, must-revalidate, proxy-revalidate\\";
        try_files $uri =404;
    }
}",
                "encoding": "plain",
                "group": "root",
                "mode": "000644",
                "owner": "root",
              },
              "/home/ubuntu/.ssh/authorized_keys": Object {
                "content": "ssh-ed25519 AAAAC3NzaC1lZDI1NTE5AAAAIAqJ++WfXyL/uqAb/eZ1fT9/MzHCKd/n4gUgddjlcbCV
",
                "encoding": "plain",
                "group": "root",
                "mode": "000644",
                "owner": "root",
              },
              "/home/ubuntu/site/.env": Object {
                "content": Object {
                  "Fn::Join": Array [
                    "",
                    Array [
                      "SIP_URI=sip:",
                      Object {
                        "Fn::GetAtt": Array [
                          "VoiceConnectorvoiceConnectorPhoneNumberChimePhoneNumberpstnCustomResource78CB2D67",
                          "phoneNumber",
                        ],
                      },
                      "@",
                      Object {
                        "Fn::GetAtt": Array [
                          "DistributionResourcesDistribution80C53434",
                          "DomainName",
                        ],
                      },
                      "
SIP_PASSWORD=test
WEBSOCKET_URL=wss://",
                      Object {
                        "Fn::GetAtt": Array [
                          "DistributionResourcesDistribution80C53434",
                          "DomainName",
                        ],
                      },
                      "/ws
VOICE_CONNECTOR_PHONE=",
                      Object {
                        "Fn::GetAtt": Array [
                          "VoiceConnectorvoiceConnectorPhoneNumberChimePhoneNumberpstnCustomResource78CB2D67",
                          "phoneNumber",
                        ],
                      },
                      "
SERVER_IP=",
                      Object {
                        "Ref": "VPCasteriskEip406AFABB",
                      },
                      "
USER_POOL_REGION=",
                      Object {
                        "Ref": "AWS::Region",
                      },
                      "
USER_POOL_ID=",
                      Object {
                        "Ref": "CognitoUserPool279BBD48",
                      },
                      "
WEB_CLIENT_ID=",
                      Object {
                        "Ref": "CognitoUserPoolClientEF2538C4",
                      },
                      "
IDENTITY_POOL=",
                      Object {
                        "Ref": "CognitocognitoIdentityPool626065C7",
                      },
                      "
",
                    ],
                  ],
                },
                "encoding": "plain",
                "group": "root",
                "mode": "000644",
                "owner": "root",
              },
            },
          },
          "configSets": Object {
            "default": Array [
              "preBuild",
              "packages",
              "logs",
              "cli",
              "downloads",
              "config",
            ],
          },
          "downloads": Object {
            "commands": Object {
              "000": Object {
                "command": "mkdir -p /var/lib/asterisk/sounds/en",
              },
              "001": Object {
                "command": Object {
                  "Fn::Join": Array [
                    "",
                    Array [
                      "aws s3 cp s3://",
                      Object {
                        "Ref": "AsteriskassetBucket6F81CF71",
                      },
                      "/audio/AGENT_Retail40.wav /var/lib/asterisk/sounds/en/AGENT_Retail40.wav",
                    ],
                  ],
                },
              },
              "002": Object {
                "command": "echo Audio files copied",
              },
              "003": Object {
                "command": "mkdir -p /home/ubuntu/site",
              },
              "004": Object {
                "command": Object {
                  "Fn::Join": Array [
                    "",
                    Array [
                      "aws s3 cp s3://",
                      Object {
                        "Ref": "AsteriskassetBucket6F81CF71",
                      },
                      "/site /home/ubuntu/site --recursive",
                    ],
                  ],
                },
              },
              "005": Object {
                "command": "usermod -a -G www-data ubuntu",
              },
              "006": Object {
                "command": "echo User added to www-data group",
              },
            },
          },
          "logs": Object {
            "commands": Object {
              "000": Object {
                "command": "curl \\"https://s3.amazonaws.com/amazoncloudwatch-agent/ubuntu/arm64/latest/amazon-cloudwatch-agent.deb\\" -o \\"amazon-cloudwatch-agent.deb\\"",
              },
              "001": Object {
                "command": "dpkg -i -E ./amazon-cloudwatch-agent.deb",
              },
              "002": Object {
                "command": "/opt/aws/amazon-cloudwatch-agent/bin/amazon-cloudwatch-agent-ctl -a fetch-config -m ec2 -s -c file:/tmp/amazon-cloudwatch-agent.json",
              },
            },
            "files": Object {
              "/tmp/amazon-cloudwatch-agent.json": Object {
                "content": "{
	\\"agent\\": {
		\\"run_as_user\\": \\"root\\"
	},
	\\"logs\\": {
		\\"logs_collected\\": {
			\\"files\\": {
				\\"collect_list\\": [
					{
						\\"file_path\\": \\"/var/log/cloud-init-output.log\\",
						\\"log_group_name\\": \\"/var/log/amazon-chime-sdk-traffic-generator/\\",
						\\"log_stream_name\\": \\"{instance_id}-cloud-init-output\\",
						\\"retention_in_days\\": 7
					},
					{
						\\"file_path\\": \\"/var/log/asterisk/messages\\",
						\\"log_group_name\\": \\"/var/log/amazon-chime-sdk-traffic-generator/\\",
						\\"log_stream_name\\": \\"{instance_id}-messages\\",
						\\"retention_in_days\\": 7
					},
					{
						\\"file_path\\": \\"/var/log/cloud-init.log\\",
						\\"log_group_name\\": \\"/var/log/amazon-chime-sdk-traffic-generator/\\",
						\\"log_stream_name\\": \\"{instance_id}-cloud-init\\",
						\\"retention_in_days\\": 7
					}
				]
			}
		}
	}
}",
                "encoding": "plain",
                "group": "root",
                "mode": "000644",
                "owner": "root",
              },
            },
          },
          "packages": Object {
            "packages": Object {
              "apt": Object {
                "asterisk": Array [],
                "jq": Array [],
                "nginx": Array [],
                "nodejs": Array [],
                "unzip": Array [],
              },
            },
          },
          "preBuild": Object {
            "commands": Object {
              "000": Object {
                "command": "curl -sL https://deb.nodesource.com/setup_18.x | sudo -E bash -",
              },
            },
          },
        },
      },
      "Properties": Object {
        "AvailabilityZone": Object {
          "Fn::Select": Array [
            0,
            Object {
              "Fn::GetAZs": "",
            },
          ],
        },
        "BlockDeviceMappings": Array [
          Object {
            "DeviceName": "/dev/sda1",
            "Ebs": Object {
              "Encrypted": true,
              "VolumeSize": 30,
            },
          },
        ],
        "IamInstanceProfile": Object {
          "Ref": "AsteriskInstanceInstanceProfile6D34C8D3",
        },
        "ImageId": Object {
          "Fn::FindInMap": Array [
            "AsteriskInstanceAmiMapD5119D2F",
            Object {
              "Ref": "AWS::Region",
            },
            "ami",
          ],
        },
        "InstanceType": "c7g.medium",
        "SecurityGroupIds": Array [
          Object {
            "Fn::GetAtt": Array [
              "Asteriskec2InstanceSecurityGroup9509BD27",
              "GroupId",
            ],
          },
          Object {
            "Fn::GetAtt": Array [
              "VPCAsteriskSecurityGroupB0CC51CE",
              "GroupId",
            ],
          },
          Object {
            "Fn::GetAtt": Array [
              "VPCSSHSecurityGroup0495A24F",
              "GroupId",
            ],
          },
        ],
        "SubnetId": Object {
          "Ref": "VPCServerPublicSubnet1SubnetF3987995",
        },
        "Tags": Array [
          Object {
            "Key": "Name",
            "Value": "test/Asterisk/Instance",
          },
        ],
        "UserData": Object {
          "Fn::Base64": Object {
            "Fn::Join": Array [
              "",
              Array [
                "#!/bin/bash
apt-get update
while fuser /var/{lib/{dpkg,apt/lists},cache/apt/archives}/lock >/dev/null 2>&1; do sleep 1 ; done
apt-get install -y python3-pip
mkdir -p /opt/aws/bin
pip3 install https://s3.amazonaws.com/cloudformation-examples/aws-cfn-bootstrap-py3-latest.tar.gz
ln -s /root/aws-cfn-bootstrap-latest/init/ubuntu/cfn-hup /etc/init.d/cfn-hup
ln -s /usr/local/bin/cfn-* /opt/aws/bin/
# fingerprint: 411a0409baf7336e
(
  set +e
  /opt/aws/bin/cfn-init -v --region ",
                Object {
                  "Ref": "AWS::Region",
                },
                " --stack ",
                Object {
                  "Ref": "AWS::StackName",
                },
                " --resource AsteriskInstanceDB134462b64acbbf22e26134 --url https://cloudformation.",
                Object {
                  "Ref": "AWS::Region",
                },
                ".",
                Object {
                  "Ref": "AWS::URLSuffix",
                },
                " --role ",
                Object {
                  "Ref": "AsteriskserverEc2Role44C39328",
                },
                " -c default
  /opt/aws/bin/cfn-signal -e $? --region ",
                Object {
                  "Ref": "AWS::Region",
                },
                " --stack ",
                Object {
                  "Ref": "AWS::StackName",
                },
                " --resource AsteriskInstanceDB134462b64acbbf22e26134 --url https://cloudformation.",
                Object {
                  "Ref": "AWS::Region",
                },
                ".",
                Object {
                  "Ref": "AWS::URLSuffix",
                },
                " --role ",
                Object {
                  "Ref": "AsteriskserverEc2Role44C39328",
                },
                "
  cat /var/log/cfn-init.log >&2
)",
              ],
            ],
          },
        },
      },
      "Type": "AWS::EC2::Instance",
    },
    "AsteriskInstanceInstanceProfile6D34C8D3": Object {
      "Properties": Object {
        "Roles": Array [
          Object {
            "Ref": "AsteriskserverEc2Role44C39328",
          },
        ],
      },
      "Type": "AWS::IAM::InstanceProfile",
    },
    "AsteriskassetBucket6F81CF71": Object {
      "DeletionPolicy": "Delete",
      "Properties": Object {
        "OwnershipControls": Object {
          "Rules": Array [
            Object {
              "ObjectOwnership": "BucketOwnerPreferred",
            },
          ],
        },
        "Tags": Array [
          Object {
            "Key": "aws-cdk:auto-delete-objects",
            "Value": "true",
          },
          Object {
            "Key": "aws-cdk:cr-owned:a59c0773",
            "Value": "true",
          },
        ],
      },
      "Type": "AWS::S3::Bucket",
      "UpdateReplacePolicy": "Delete",
    },
    "AsteriskassetBucketAutoDeleteObjectsCustomResource5A24C468": Object {
      "DeletionPolicy": "Delete",
      "DependsOn": Array [
        "AsteriskassetBucketPolicy5429FAF1",
      ],
      "Properties": Object {
        "BucketName": Object {
          "Ref": "AsteriskassetBucket6F81CF71",
        },
        "ServiceToken": Object {
          "Fn::GetAtt": Array [
            "CustomS3AutoDeleteObjectsCustomResourceProviderHandler9D90184F",
            "Arn",
          ],
        },
      },
      "Type": "Custom::S3AutoDeleteObjects",
      "UpdateReplacePolicy": "Delete",
    },
    "AsteriskassetBucketDeploymentAwsCliLayerC6F765C2": Object {
      "Properties": Object {
        "Content": Object {
          "S3Bucket": Object {
            "Fn::Sub": "cdk-hnb659fds-assets-\${AWS::AccountId}-\${AWS::Region}",
          },
          "S3Key": "3fb6287214999ddeafa7cd0e3e58bc5144c8678bb720f3b5e45e8fd32f333eb3.zip",
        },
        "Description": "/opt/awscli/aws",
      },
      "Type": "AWS::Lambda::LayerVersion",
    },
    "AsteriskassetBucketDeploymentCustomResource512MiBF8F9A9A5": Object {
      "DeletionPolicy": "Delete",
      "Properties": Object {
        "DestinationBucketName": Object {
          "Ref": "AsteriskassetBucket6F81CF71",
        },
        "Exclude": Array [
          "**/node_modules/**",
          "**/dist/**",
        ],
        "Prune": true,
        "RetainOnDelete": false,
        "ServiceToken": Object {
          "Fn::GetAtt": Array [
            "CustomCDKBucketDeployment8693BB64968944B69AAFB0CC9EB8756C512MiB6723FB92",
            "Arn",
          ],
        },
        "SourceBucketNames": Array [
          Object {
            "Fn::Sub": "cdk-hnb659fds-assets-\${AWS::AccountId}-\${AWS::Region}",
          },
        ],
        "SourceObjectKeys": Array [
          "7e7aeec4a8732f732f94e8687b705587636e69c1dff4d320d0438da2d066c71e.zip",
        ],
      },
      "Type": "Custom::CDKBucketDeployment",
      "UpdateReplacePolicy": "Delete",
    },
    "AsteriskassetBucketPolicy5429FAF1": Object {
      "Properties": Object {
        "Bucket": Object {
          "Ref": "AsteriskassetBucket6F81CF71",
        },
        "PolicyDocument": Object {
          "Statement": Array [
            Object {
              "Action": Array [
                "s3:PutBucketPolicy",
                "s3:GetBucket*",
                "s3:List*",
                "s3:DeleteObject*",
              ],
              "Effect": "Allow",
              "Principal": Object {
                "AWS": Object {
                  "Fn::GetAtt": Array [
                    "CustomS3AutoDeleteObjectsCustomResourceProviderRole3B1BD092",
                    "Arn",
                  ],
                },
              },
              "Resource": Array [
                Object {
                  "Fn::GetAtt": Array [
                    "AsteriskassetBucket6F81CF71",
                    "Arn",
                  ],
                },
                Object {
                  "Fn::Join": Array [
                    "",
                    Array [
                      Object {
                        "Fn::GetAtt": Array [
                          "AsteriskassetBucket6F81CF71",
                          "Arn",
                        ],
                      },
                      "/*",
                    ],
                  ],
                },
              ],
            },
          ],
          "Version": "2012-10-17",
        },
      },
      "Type": "AWS::S3::BucketPolicy",
    },
    "Asteriskec2InstanceSecurityGroup9509BD27": Object {
      "Properties": Object {
        "GroupDescription": "test/Asterisk/ec2InstanceSecurityGroup",
        "SecurityGroupEgress": Array [
          Object {
            "CidrIp": "0.0.0.0/0",
            "Description": "Allow all outbound traffic by default",
            "IpProtocol": "-1",
          },
        ],
        "VpcId": Object {
          "Ref": "VPC61AD6880",
        },
      },
      "Type": "AWS::EC2::SecurityGroup",
    },
    "Asteriskec2InstanceSecurityGroupfromtestVPCALBSecurityGroup16D3633D8088DF67E21A": Object {
      "Properties": Object {
        "Description": "allow traffic on port 8088 from the ALB security group",
        "FromPort": 8088,
        "GroupId": Object {
          "Fn::GetAtt": Array [
            "Asteriskec2InstanceSecurityGroup9509BD27",
            "GroupId",
          ],
        },
        "IpProtocol": "tcp",
        "SourceSecurityGroupId": Object {
          "Fn::GetAtt": Array [
            "VPCALBSecurityGroup1223EED0",
            "GroupId",
          ],
        },
        "ToPort": 8088,
      },
      "Type": "AWS::EC2::SecurityGroupIngress",
    },
    "Asteriskec2InstanceSecurityGroupfromtestVPCALBSecurityGroup16D3633D80A4CC0E9A": Object {
      "Properties": Object {
        "Description": "allow traffic on port 80 from the ALB security group",
        "FromPort": 80,
        "GroupId": Object {
          "Fn::GetAtt": Array [
            "Asteriskec2InstanceSecurityGroup9509BD27",
            "GroupId",
          ],
        },
        "IpProtocol": "tcp",
        "SourceSecurityGroupId": Object {
          "Fn::GetAtt": Array [
            "VPCALBSecurityGroup1223EED0",
            "GroupId",
          ],
        },
        "ToPort": 80,
      },
      "Type": "AWS::EC2::SecurityGroupIngress",
    },
    "AsteriskhttpTargetGroup932EAE03": Object {
      "Properties": Object {
        "HealthCheckPath": "/healthcheck",
        "HealthCheckPort": "80",
        "HealthCheckProtocol": "HTTP",
        "Port": 80,
        "Protocol": "HTTP",
        "TargetGroupAttributes": Array [
          Object {
            "Key": "stickiness.enabled",
            "Value": "false",
          },
        ],
        "TargetType": "instance",
        "Targets": Array [
          Object {
            "Id": Object {
              "Ref": "AsteriskInstanceDB134462b64acbbf22e26134",
            },
          },
        ],
        "VpcId": Object {
          "Ref": "VPC61AD6880",
        },
      },
      "Type": "AWS::ElasticLoadBalancingV2::TargetGroup",
    },
    "AsteriskserverEc2Role44C39328": Object {
      "Properties": Object {
        "AssumeRolePolicyDocument": Object {
          "Statement": Array [
            Object {
              "Action": "sts:AssumeRole",
              "Effect": "Allow",
              "Principal": Object {
                "Service": "ec2.amazonaws.com",
              },
            },
          ],
          "Version": "2012-10-17",
        },
        "ManagedPolicyArns": Array [
          Object {
            "Fn::Join": Array [
              "",
              Array [
                "arn:",
                Object {
                  "Ref": "AWS::Partition",
                },
                ":iam::aws:policy/AmazonSSMManagedInstanceCore",
              ],
            ],
          },
        ],
        "Policies": Array [
          Object {
            "PolicyDocument": Object {
              "Statement": Array [
                Object {
                  "Action": "chime:*",
                  "Effect": "Allow",
                  "Resource": "*",
                },
              ],
              "Version": "2012-10-17",
            },
            "PolicyName": "chimePolicy",
          },
        ],
      },
      "Type": "AWS::IAM::Role",
    },
    "AsteriskserverEc2RoleDefaultPolicy4958C8E5": Object {
      "Properties": Object {
        "PolicyDocument": Object {
          "Statement": Array [
            Object {
              "Action": Array [
                "s3:GetObject*",
                "s3:GetBucket*",
                "s3:List*",
                "s3:DeleteObject*",
                "s3:PutObject",
                "s3:PutObjectLegalHold",
                "s3:PutObjectRetention",
                "s3:PutObjectTagging",
                "s3:PutObjectVersionTagging",
                "s3:Abort*",
              ],
              "Effect": "Allow",
              "Resource": Array [
                Object {
                  "Fn::GetAtt": Array [
                    "AsteriskassetBucket6F81CF71",
                    "Arn",
                  ],
                },
                Object {
                  "Fn::Join": Array [
                    "",
                    Array [
                      Object {
                        "Fn::GetAtt": Array [
                          "AsteriskassetBucket6F81CF71",
                          "Arn",
                        ],
                      },
                      "/*",
                    ],
                  ],
                },
              ],
            },
            Object {
              "Action": Array [
                "cloudformation:DescribeStackResource",
                "cloudformation:SignalResource",
              ],
              "Effect": "Allow",
              "Resource": Object {
                "Ref": "AWS::StackId",
              },
            },
          ],
          "Version": "2012-10-17",
        },
        "PolicyName": "AsteriskserverEc2RoleDefaultPolicy4958C8E5",
        "Roles": Array [
          Object {
            "Ref": "AsteriskserverEc2Role44C39328",
          },
        ],
      },
      "Type": "AWS::IAM::Policy",
    },
    "AsteriskwebSocketTargetGroup61F3F31A": Object {
      "Properties": Object {
        "HealthCheckPath": "/httpstatus",
        "HealthCheckPort": "8088",
        "HealthCheckProtocol": "HTTP",
        "Port": 8088,
        "Protocol": "HTTP",
        "TargetGroupAttributes": Array [
          Object {
            "Key": "stickiness.enabled",
            "Value": "false",
          },
        ],
        "TargetType": "instance",
        "Targets": Array [
          Object {
            "Id": Object {
              "Ref": "AsteriskInstanceDB134462b64acbbf22e26134",
            },
          },
        ],
        "VpcId": Object {
          "Ref": "VPC61AD6880",
        },
      },
      "Type": "AWS::ElasticLoadBalancingV2::TargetGroup",
    },
    "CognitoCognitoDefaultAuthenticatedRole162BCBED": Object {
      "Properties": Object {
        "AssumeRolePolicyDocument": Object {
          "Statement": Array [
            Object {
              "Action": "sts:AssumeRoleWithWebIdentity",
              "Condition": Object {
                "ForAnyValue:StringLike": Object {
                  "cognito-identity.amazonaws.com:amr": "authenticated",
                },
                "StringEquals": Object {
                  "cognito-identity.amazonaws.com:aud": Object {
                    "Ref": "CognitocognitoIdentityPool626065C7",
                  },
                },
              },
              "Effect": "Allow",
              "Principal": Object {
                "Federated": "cognito-identity.amazonaws.com",
              },
            },
          ],
          "Version": "2012-10-17",
        },
      },
      "Type": "AWS::IAM::Role",
    },
    "CognitoCognitoDefaultAuthenticatedRoleDefaultPolicyE55F5536": Object {
      "Properties": Object {
        "PolicyDocument": Object {
          "Statement": Array [
            Object {
              "Action": Array [
                "mobileanalytics:PutEvents",
                "cognito-sync:*",
                "cognito-identity:*",
              ],
              "Effect": "Allow",
              "Resource": "*",
            },
          ],
          "Version": "2012-10-17",
        },
        "PolicyName": "CognitoCognitoDefaultAuthenticatedRoleDefaultPolicyE55F5536",
        "Roles": Array [
          Object {
            "Ref": "CognitoCognitoDefaultAuthenticatedRole162BCBED",
          },
        ],
      },
      "Type": "AWS::IAM::Policy",
    },
    "CognitoCognitoDefaultUnauthenticatedRole7E1472DA": Object {
      "Properties": Object {
        "AssumeRolePolicyDocument": Object {
          "Statement": Array [
            Object {
              "Action": "sts:AssumeRoleWithWebIdentity",
              "Condition": Object {
                "ForAnyValue:StringLike": Object {
                  "cognito-identity.amazonaws.com:amr": "unauthenticated",
                },
                "StringEquals": Object {
                  "cognito-identity.amazonaws.com:aud": Object {
                    "Ref": "CognitocognitoIdentityPool626065C7",
                  },
                },
              },
              "Effect": "Allow",
              "Principal": Object {
                "Federated": "cognito-identity.amazonaws.com",
              },
            },
          ],
          "Version": "2012-10-17",
        },
      },
      "Type": "AWS::IAM::Role",
    },
    "CognitoCognitoDefaultUnauthenticatedRoleDefaultPolicyC106F210": Object {
      "Properties": Object {
        "PolicyDocument": Object {
          "Statement": Array [
            Object {
              "Action": Array [
                "mobileanalytics:PutEvents",
                "cognito-sync:*",
              ],
              "Effect": "Allow",
              "Resource": "*",
            },
          ],
          "Version": "2012-10-17",
        },
        "PolicyName": "CognitoCognitoDefaultUnauthenticatedRoleDefaultPolicyC106F210",
        "Roles": Array [
          Object {
            "Ref": "CognitoCognitoDefaultUnauthenticatedRole7E1472DA",
          },
        ],
      },
      "Type": "AWS::IAM::Policy",
    },
    "CognitoDefaultValid0F579DDB": Object {
      "Properties": Object {
        "IdentityPoolId": Object {
          "Ref": "CognitocognitoIdentityPool626065C7",
        },
        "Roles": Object {
          "authenticated": Object {
            "Fn::GetAtt": Array [
              "CognitoCognitoDefaultAuthenticatedRole162BCBED",
              "Arn",
            ],
          },
          "unauthenticated": Object {
            "Fn::GetAtt": Array [
              "CognitoCognitoDefaultUnauthenticatedRole7E1472DA",
              "Arn",
            ],
          },
        },
      },
      "Type": "AWS::Cognito::IdentityPoolRoleAttachment",
    },
    "CognitoUserPool279BBD48": Object {
      "DeletionPolicy": "Delete",
      "Properties": Object {
        "AccountRecoverySetting": Object {
          "RecoveryMechanisms": Array [
            Object {
              "Name": "verified_email",
              "Priority": 1,
            },
          ],
        },
        "AdminCreateUserConfig": Object {
          "AllowAdminCreateUserOnly": false,
          "InviteMessageTemplate": Object {
            "EmailMessage": "Your Amazon Chime SDK SIP Trunking Demo username is {username} and temporary password is {####}",
            "EmailSubject": "Your Amazon Chime SDK SIP Trunking Demo temporary password",
          },
        },
        "AutoVerifiedAttributes": Array [
          "email",
        ],
        "EmailVerificationMessage": "The verification code to your new Amazon Chime SDK SIP Trunking Demo account is {####}",
        "EmailVerificationSubject": "Verify your new Amazon Chime SDK SIP Trunking Demo account",
        "EnabledMfas": Array [
          "SMS_MFA",
          "SOFTWARE_TOKEN_MFA",
        ],
        "LambdaConfig": Object {
          "PreSignUp": Object {
            "Fn::GetAtt": Array [
              "CognitodomainValidatorC88C5FF9",
              "Arn",
            ],
          },
        },
        "MfaConfiguration": "OPTIONAL",
        "Schema": Array [
          Object {
            "Mutable": true,
            "Name": "email",
            "Required": true,
          },
        ],
        "SmsConfiguration": Object {
          "ExternalId": "testCognitoUserPoolA55211EF",
          "SnsCallerArn": Object {
            "Fn::GetAtt": Array [
              "CognitoUserPoolsmsRole738960F0",
              "Arn",
            ],
          },
        },
        "SmsVerificationMessage": "The verification code to your new account is {####}",
        "UserAttributeUpdateSettings": Object {
          "AttributesRequireVerificationBeforeUpdate": Array [
            "email",
          ],
        },
        "UserPoolName": "test-UserPool",
        "UsernameAttributes": Array [
          "email",
        ],
        "UsernameConfiguration": Object {
          "CaseSensitive": false,
        },
        "VerificationMessageTemplate": Object {
          "DefaultEmailOption": "CONFIRM_WITH_CODE",
          "EmailMessage": "The verification code to your new Amazon Chime SDK SIP Trunking Demo account is {####}",
          "EmailSubject": "Verify your new Amazon Chime SDK SIP Trunking Demo account",
          "SmsMessage": "The verification code to your new account is {####}",
        },
      },
      "Type": "AWS::Cognito::UserPool",
      "UpdateReplacePolicy": "Delete",
    },
    "CognitoUserPoolClientEF2538C4": Object {
      "Properties": Object {
        "AllowedOAuthFlows": Array [
          "implicit",
          "code",
        ],
        "AllowedOAuthFlowsUserPoolClient": true,
        "AllowedOAuthScopes": Array [
          "profile",
          "phone",
          "email",
          "openid",
          "aws.cognito.signin.user.admin",
        ],
        "CallbackURLs": Array [
          "https://example.com",
        ],
        "ClientName": "test-UserPool",
        "ExplicitAuthFlows": Array [
          "ALLOW_CUSTOM_AUTH",
          "ALLOW_USER_SRP_AUTH",
          "ALLOW_REFRESH_TOKEN_AUTH",
        ],
        "GenerateSecret": false,
        "RefreshTokenValidity": 60,
        "SupportedIdentityProviders": Array [
          "COGNITO",
        ],
        "TokenValidityUnits": Object {
          "RefreshToken": "minutes",
        },
        "UserPoolId": Object {
          "Ref": "CognitoUserPool279BBD48",
        },
      },
      "Type": "AWS::Cognito::UserPoolClient",
    },
    "CognitoUserPoolPreSignUpCognitoD07EA58F": Object {
      "Properties": Object {
        "Action": "lambda:InvokeFunction",
        "FunctionName": Object {
          "Fn::GetAtt": Array [
            "CognitodomainValidatorC88C5FF9",
            "Arn",
          ],
        },
        "Principal": "cognito-idp.amazonaws.com",
        "SourceArn": Object {
          "Fn::GetAtt": Array [
            "CognitoUserPool279BBD48",
            "Arn",
          ],
        },
      },
      "Type": "AWS::Lambda::Permission",
    },
    "CognitoUserPoolsmsRole738960F0": Object {
      "Properties": Object {
        "AssumeRolePolicyDocument": Object {
          "Statement": Array [
            Object {
              "Action": "sts:AssumeRole",
              "Condition": Object {
                "StringEquals": Object {
                  "sts:ExternalId": "testCognitoUserPoolA55211EF",
                },
              },
              "Effect": "Allow",
              "Principal": Object {
                "Service": "cognito-idp.amazonaws.com",
              },
            },
          ],
          "Version": "2012-10-17",
        },
        "Policies": Array [
          Object {
            "PolicyDocument": Object {
              "Statement": Array [
                Object {
                  "Action": "sns:Publish",
                  "Effect": "Allow",
                  "Resource": "*",
                },
              ],
              "Version": "2012-10-17",
            },
            "PolicyName": "sns-publish",
          },
        ],
      },
      "Type": "AWS::IAM::Role",
    },
    "CognitocognitoIdentityPool626065C7": Object {
      "Properties": Object {
        "AllowUnauthenticatedIdentities": false,
        "CognitoIdentityProviders": Array [
          Object {
            "ClientId": Object {
              "Ref": "CognitoUserPoolClientEF2538C4",
            },
            "ProviderName": Object {
              "Fn::GetAtt": Array [
                "CognitoUserPool279BBD48",
                "ProviderName",
              ],
            },
          },
        ],
        "IdentityPoolName": "test-IdentityPool",
      },
      "Type": "AWS::Cognito::IdentityPool",
    },
    "CognitodomainValidatorC88C5FF9": Object {
      "DependsOn": Array [
        "CognitodomainValidatorServiceRole1B8A3BD4",
      ],
      "Properties": Object {
        "Architectures": Array [
          "arm64",
        ],
        "Code": Object {
          "S3Bucket": Object {
            "Fn::Sub": "cdk-hnb659fds-assets-\${AWS::AccountId}-\${AWS::Region}",
          },
          "S3Key": "b1b7c3003b2b18e5fd9377f57c69c1ac5640b67f97bca6d2e02b2434246d2b1d.zip",
        },
        "Environment": Object {
          "Variables": Object {
            "ALLOWED_DOMAIN": " ",
            "AWS_NODEJS_CONNECTION_REUSE_ENABLED": "1",
          },
        },
        "Handler": "index.handler",
        "Role": Object {
          "Fn::GetAtt": Array [
            "CognitodomainValidatorServiceRole1B8A3BD4",
            "Arn",
          ],
        },
        "Runtime": "nodejs18.x",
        "Timeout": 60,
      },
      "Type": "AWS::Lambda::Function",
    },
    "CognitodomainValidatorServiceRole1B8A3BD4": Object {
      "Properties": Object {
        "AssumeRolePolicyDocument": Object {
          "Statement": Array [
            Object {
              "Action": "sts:AssumeRole",
              "Effect": "Allow",
              "Principal": Object {
                "Service": "lambda.amazonaws.com",
              },
            },
          ],
          "Version": "2012-10-17",
        },
        "ManagedPolicyArns": Array [
          Object {
            "Fn::Join": Array [
              "",
              Array [
                "arn:",
                Object {
                  "Ref": "AWS::Partition",
                },
                ":iam::aws:policy/service-role/AWSLambdaBasicExecutionRole",
              ],
            ],
          },
        ],
      },
      "Type": "AWS::IAM::Role",
    },
    "CustomCDKBucketDeployment8693BB64968944B69AAFB0CC9EB8756C512MiB6723FB92": Object {
      "DependsOn": Array [
        "CustomCDKBucketDeployment8693BB64968944B69AAFB0CC9EB8756C512MiBServiceRoleDefaultPolicy96C3E726",
        "CustomCDKBucketDeployment8693BB64968944B69AAFB0CC9EB8756C512MiBServiceRoleBA21DBC1",
      ],
      "Properties": Object {
        "Code": Object {
          "S3Bucket": Object {
            "Fn::Sub": "cdk-hnb659fds-assets-\${AWS::AccountId}-\${AWS::Region}",
          },
          "S3Key": "0b1f5aa55d045066ed91316b823a808060c12737e0575ab7cefe2335324108b0.zip",
        },
        "Environment": Object {
          "Variables": Object {
            "AWS_CA_BUNDLE": "/etc/pki/ca-trust/extracted/pem/tls-ca-bundle.pem",
          },
        },
        "Handler": "index.handler",
        "Layers": Array [
          Object {
            "Ref": "AsteriskassetBucketDeploymentAwsCliLayerC6F765C2",
          },
        ],
        "MemorySize": 512,
        "Role": Object {
          "Fn::GetAtt": Array [
            "CustomCDKBucketDeployment8693BB64968944B69AAFB0CC9EB8756C512MiBServiceRoleBA21DBC1",
            "Arn",
          ],
        },
        "Runtime": "python3.9",
        "Timeout": 900,
      },
      "Type": "AWS::Lambda::Function",
    },
    "CustomCDKBucketDeployment8693BB64968944B69AAFB0CC9EB8756C512MiBServiceRoleBA21DBC1": Object {
      "Properties": Object {
        "AssumeRolePolicyDocument": Object {
          "Statement": Array [
            Object {
              "Action": "sts:AssumeRole",
              "Effect": "Allow",
              "Principal": Object {
                "Service": "lambda.amazonaws.com",
              },
            },
          ],
          "Version": "2012-10-17",
        },
        "ManagedPolicyArns": Array [
          Object {
            "Fn::Join": Array [
              "",
              Array [
                "arn:",
                Object {
                  "Ref": "AWS::Partition",
                },
                ":iam::aws:policy/service-role/AWSLambdaBasicExecutionRole",
              ],
            ],
          },
        ],
      },
      "Type": "AWS::IAM::Role",
    },
    "CustomCDKBucketDeployment8693BB64968944B69AAFB0CC9EB8756C512MiBServiceRoleDefaultPolicy96C3E726": Object {
      "Properties": Object {
        "PolicyDocument": Object {
          "Statement": Array [
            Object {
              "Action": Array [
                "s3:GetObject*",
                "s3:GetBucket*",
                "s3:List*",
              ],
              "Effect": "Allow",
              "Resource": Array [
                Object {
                  "Fn::Join": Array [
                    "",
                    Array [
                      "arn:",
                      Object {
                        "Ref": "AWS::Partition",
                      },
                      ":s3:::",
                      Object {
                        "Fn::Sub": "cdk-hnb659fds-assets-\${AWS::AccountId}-\${AWS::Region}",
                      },
                    ],
                  ],
                },
                Object {
                  "Fn::Join": Array [
                    "",
                    Array [
                      "arn:",
                      Object {
                        "Ref": "AWS::Partition",
                      },
                      ":s3:::",
                      Object {
                        "Fn::Sub": "cdk-hnb659fds-assets-\${AWS::AccountId}-\${AWS::Region}",
                      },
                      "/*",
                    ],
                  ],
                },
              ],
            },
            Object {
              "Action": Array [
                "s3:GetObject*",
                "s3:GetBucket*",
                "s3:List*",
                "s3:DeleteObject*",
                "s3:PutObject",
                "s3:PutObjectLegalHold",
                "s3:PutObjectRetention",
                "s3:PutObjectTagging",
                "s3:PutObjectVersionTagging",
                "s3:Abort*",
              ],
              "Effect": "Allow",
              "Resource": Array [
                Object {
                  "Fn::GetAtt": Array [
                    "AsteriskassetBucket6F81CF71",
                    "Arn",
                  ],
                },
                Object {
                  "Fn::Join": Array [
                    "",
                    Array [
                      Object {
                        "Fn::GetAtt": Array [
                          "AsteriskassetBucket6F81CF71",
                          "Arn",
                        ],
                      },
                      "/*",
                    ],
                  ],
                },
              ],
            },
          ],
          "Version": "2012-10-17",
        },
        "PolicyName": "CustomCDKBucketDeployment8693BB64968944B69AAFB0CC9EB8756C512MiBServiceRoleDefaultPolicy96C3E726",
        "Roles": Array [
          Object {
            "Ref": "CustomCDKBucketDeployment8693BB64968944B69AAFB0CC9EB8756C512MiBServiceRoleBA21DBC1",
          },
        ],
      },
      "Type": "AWS::IAM::Policy",
    },
    "CustomPSTNResourcesCustomResourceProviderHandlerD046A72D": Object {
      "DependsOn": Array [
        "CustomPSTNResourcesCustomResourceProviderRole536C0E76",
      ],
      "Properties": Object {
        "Code": Object {
          "S3Bucket": Object {
            "Fn::Sub": "cdk-hnb659fds-assets-\${AWS::AccountId}-\${AWS::Region}",
          },
          "S3Key": "bba58450453890fb89e7387f4a5f9e8406622ad400edcfb169e4ef26ee95daa1.zip",
        },
        "Handler": "__entrypoint__.handler",
        "MemorySize": 128,
        "Role": Object {
          "Fn::GetAtt": Array [
            "CustomPSTNResourcesCustomResourceProviderRole536C0E76",
            "Arn",
          ],
        },
        "Runtime": "nodejs18.x",
        "Timeout": 300,
      },
      "Type": "AWS::Lambda::Function",
    },
    "CustomPSTNResourcesCustomResourceProviderRole536C0E76": Object {
      "Properties": Object {
        "AssumeRolePolicyDocument": Object {
          "Statement": Array [
            Object {
              "Action": "sts:AssumeRole",
              "Effect": "Allow",
              "Principal": Object {
                "Service": "lambda.amazonaws.com",
              },
            },
          ],
          "Version": "2012-10-17",
        },
        "ManagedPolicyArns": Array [
          Object {
            "Fn::Sub": "arn:\${AWS::Partition}:iam::aws:policy/service-role/AWSLambdaBasicExecutionRole",
          },
        ],
        "Policies": Array [
          Object {
            "PolicyDocument": Object {
              "Statement": Array [
                Object {
                  "Action": Array [
                    "chime:CreatePhoneNumberOrder",
                    "chime:CreateSipMediaApplication",
                    "chime:CreateSipRule",
                    "chime:CreateVoiceConnector",
                    "chime:CreateVoiceProfileDomain",
                    "chime:DeletePhoneNumber",
                    "chime:DeleteSipMediaApplication",
                    "chime:DeleteSipRule",
                    "chime:DeleteVoiceConnector",
                    "chime:DeleteVoiceProfileDomain",
                    "chime:GetPhoneNumber",
                    "chime:GetPhoneNumberOrder",
                    "chime:GetSipRule",
                    "chime:ListPhoneNumbers",
                    "chime:PutSipMediaApplicationLoggingConfiguration",
                    "chime:PutVoiceConnectorLoggingConfiguration",
                    "chime:PutVoiceConnectorOrigination",
                    "chime:PutVoiceConnectorStreamingConfiguration",
                    "chime:PutVoiceConnectorTermination",
                    "chime:*MediaInsightsPipelineConfiguration",
                    "chime:SearchAvailablePhoneNumbers",
                    "chime:UpdateSipRule",
                    "chime:AssociatePhoneNumbersWithVoiceConnector",
                    "chime:DisassociatePhoneNumbersFromVoiceConnector",
                  ],
                  "Effect": "Allow",
                  "Resource": "*",
                },
                Object {
                  "Action": Array [
                    "logs:DescribeLogGroups",
                    "logs:CreateLogGroup",
                    "logs:CreateLogStream",
                    "logs:ListLogDeliveries",
                    "logs:CreateLogDelivery",
                    "logs:GetLogDelivery",
                    "logs:DeleteLogDelivery",
                  ],
                  "Effect": "Allow",
                  "Resource": "*",
                },
                Object {
                  "Action": "iam:CreateServiceLinkedRole",
                  "Effect": "Allow",
                  "Resource": "*",
                },
                Object {
                  "Action": Array [
                    "lambda:GetPolicy",
                    "lambda:AddPermission",
                  ],
                  "Effect": "Allow",
                  "Resource": "*",
                },
                Object {
                  "Action": "ssm:*Parameter*",
                  "Effect": "Allow",
                  "Resource": Object {
                    "Fn::Join": Array [
                      "",
                      Array [
                        "arn:aws:ssm:",
                        Object {
                          "Ref": "AWS::Region",
                        },
                        ":",
                        Object {
                          "Ref": "AWS::AccountId",
                        },
                        ":parameter/chime/*",
                      ],
                    ],
                  },
                },
              ],
              "Version": "2012-10-17",
            },
            "PolicyName": "Inline",
          },
        ],
      },
      "Type": "AWS::IAM::Role",
    },
    "CustomS3AutoDeleteObjectsCustomResourceProviderHandler9D90184F": Object {
      "DependsOn": Array [
        "CustomS3AutoDeleteObjectsCustomResourceProviderRole3B1BD092",
      ],
      "Properties": Object {
        "Code": Object {
          "S3Bucket": Object {
            "Fn::Sub": "cdk-hnb659fds-assets-\${AWS::AccountId}-\${AWS::Region}",
          },
          "S3Key": "b7f33614a69548d6bafe224d751a7ef238cde19097415e553fe8b63a4c8fd8a6.zip",
        },
        "Description": Object {
          "Fn::Join": Array [
            "",
            Array [
              "Lambda function for auto-deleting objects in ",
              Object {
                "Ref": "AsteriskassetBucket6F81CF71",
              },
              " S3 bucket.",
            ],
          ],
        },
        "Handler": "index.handler",
        "MemorySize": 128,
        "Role": Object {
          "Fn::GetAtt": Array [
            "CustomS3AutoDeleteObjectsCustomResourceProviderRole3B1BD092",
            "Arn",
          ],
        },
        "Runtime": "nodejs18.x",
        "Timeout": 900,
      },
      "Type": "AWS::Lambda::Function",
    },
    "CustomS3AutoDeleteObjectsCustomResourceProviderRole3B1BD092": Object {
      "Properties": Object {
        "AssumeRolePolicyDocument": Object {
          "Statement": Array [
            Object {
              "Action": "sts:AssumeRole",
              "Effect": "Allow",
              "Principal": Object {
                "Service": "lambda.amazonaws.com",
              },
            },
          ],
          "Version": "2012-10-17",
        },
        "ManagedPolicyArns": Array [
          Object {
            "Fn::Sub": "arn:\${AWS::Partition}:iam::aws:policy/service-role/AWSLambdaBasicExecutionRole",
          },
        ],
      },
      "Type": "AWS::IAM::Role",
    },
    "DistributionResourcesDistribution80C53434": Object {
      "Properties": Object {
        "DistributionConfig": Object {
          "CacheBehaviors": Array [
            Object {
              "AllowedMethods": Array [
                "GET",
                "HEAD",
                "OPTIONS",
                "PUT",
                "PATCH",
                "POST",
                "DELETE",
              ],
              "CachePolicyId": "4135ea2d-6df8-44a3-9df3-4b5a84be39ad",
              "Compress": true,
              "OriginRequestPolicyId": Object {
                "Ref": "DistributionResourcesremoveCookiesPolicyC3AC0485",
              },
              "PathPattern": "/ws",
              "TargetOriginId": "testDistributionResourcesDistributionOrigin255B4D0DE",
              "ViewerProtocolPolicy": "https-only",
            },
          ],
          "DefaultCacheBehavior": Object {
            "AllowedMethods": Array [
              "GET",
              "HEAD",
              "OPTIONS",
              "PUT",
              "PATCH",
              "POST",
              "DELETE",
            ],
            "CachePolicyId": "4135ea2d-6df8-44a3-9df3-4b5a84be39ad",
            "Compress": true,
            "OriginRequestPolicyId": "216adef6-5c7f-47e4-b989-5492eafa07d3",
            "TargetOriginId": "testDistributionResourcesDistributionOrigin1AB07B588",
            "ViewerProtocolPolicy": "https-only",
          },
          "DefaultRootObject": "index.html",
          "Enabled": true,
          "HttpVersion": "http2",
          "IPV6Enabled": true,
          "Origins": Array [
            Object {
              "CustomOriginConfig": Object {
                "HTTPPort": 80,
                "OriginProtocolPolicy": "http-only",
                "OriginSSLProtocols": Array [
                  "TLSv1.2",
                ],
              },
              "DomainName": Object {
                "Fn::GetAtt": Array [
                  "VPCApplicationLoadBalancerF3CA31CB",
                  "DNSName",
                ],
              },
              "Id": "testDistributionResourcesDistributionOrigin1AB07B588",
            },
            Object {
              "CustomOriginConfig": Object {
                "HTTPPort": 8088,
                "OriginProtocolPolicy": "http-only",
                "OriginSSLProtocols": Array [
                  "TLSv1.2",
                ],
              },
              "DomainName": Object {
                "Fn::GetAtt": Array [
                  "VPCApplicationLoadBalancerF3CA31CB",
                  "DNSName",
                ],
              },
              "Id": "testDistributionResourcesDistributionOrigin255B4D0DE",
            },
          ],
          "PriceClass": "PriceClass_100",
        },
      },
      "Type": "AWS::CloudFront::Distribution",
    },
    "DistributionResourcesremoveCookiesPolicyC3AC0485": Object {
      "Properties": Object {
        "OriginRequestPolicyConfig": Object {
          "CookiesConfig": Object {
            "CookieBehavior": "none",
          },
          "HeadersConfig": Object {
            "HeaderBehavior": "allExcept",
            "Headers": Array [
              "Cookie",
            ],
          },
          "Name": "RemoveCookies-test",
          "QueryStringsConfig": Object {
            "QueryStringBehavior": "none",
          },
        },
      },
      "Type": "AWS::CloudFront::OriginRequestPolicy",
    },
    "VPC61AD6880": Object {
      "Properties": Object {
        "CidrBlock": "10.0.0.0/16",
        "EnableDnsHostnames": true,
        "EnableDnsSupport": true,
        "InstanceTenancy": "default",
        "Tags": Array [
          Object {
            "Key": "Name",
            "Value": "test/VPC/VPC",
          },
        ],
      },
      "Type": "AWS::EC2::VPC",
    },
    "VPCALBSecurityGroup1223EED0": Object {
      "Properties": Object {
        "GroupDescription": "Security Group for ALB",
        "SecurityGroupEgress": Array [
          Object {
            "CidrIp": "0.0.0.0/0",
            "Description": "Allow all outbound traffic by default",
            "IpProtocol": "-1",
          },
        ],
        "SecurityGroupIngress": Array [
          Object {
            "CidrIp": "0.0.0.0/0",
            "Description": "Allow from anyone on port 80",
            "FromPort": 80,
            "IpProtocol": "tcp",
            "ToPort": 80,
          },
          Object {
            "CidrIp": "0.0.0.0/0",
            "Description": "Allow from anyone on port 8088",
            "FromPort": 8088,
            "IpProtocol": "tcp",
            "ToPort": 8088,
          },
        ],
        "VpcId": Object {
          "Ref": "VPC61AD6880",
        },
      },
      "Type": "AWS::EC2::SecurityGroup",
    },
    "VPCApplicationLoadBalancerF3CA31CB": Object {
      "DependsOn": Array [
        "VPCServerPublicSubnet1DefaultRoute0DEC8857",
        "VPCServerPublicSubnet1RouteTableAssociationBCA9EE21",
        "VPCServerPublicSubnet2DefaultRoute6A434666",
        "VPCServerPublicSubnet2RouteTableAssociationE261CDCA",
      ],
      "Properties": Object {
        "LoadBalancerAttributes": Array [
          Object {
            "Key": "deletion_protection.enabled",
            "Value": "false",
          },
        ],
        "Scheme": "internet-facing",
        "SecurityGroups": Array [
          Object {
            "Fn::GetAtt": Array [
              "VPCALBSecurityGroup1223EED0",
              "GroupId",
            ],
          },
        ],
        "Subnets": Array [
          Object {
            "Ref": "VPCServerPublicSubnet1SubnetF3987995",
          },
          Object {
            "Ref": "VPCServerPublicSubnet2SubnetDB508B90",
          },
        ],
        "Type": "application",
      },
      "Type": "AWS::ElasticLoadBalancingV2::LoadBalancer",
    },
    "VPCApplicationLoadBalancerhttpListener0BD7D392": Object {
      "Properties": Object {
        "DefaultActions": Array [
          Object {
            "TargetGroupArn": Object {
              "Ref": "AsteriskhttpTargetGroup932EAE03",
            },
            "Type": "forward",
          },
        ],
        "LoadBalancerArn": Object {
          "Ref": "VPCApplicationLoadBalancerF3CA31CB",
        },
        "Port": 80,
        "Protocol": "HTTP",
      },
      "Type": "AWS::ElasticLoadBalancingV2::Listener",
    },
    "VPCApplicationLoadBalancerwebSocketListener9A52E144": Object {
      "Properties": Object {
        "DefaultActions": Array [
          Object {
            "TargetGroupArn": Object {
              "Ref": "AsteriskwebSocketTargetGroup61F3F31A",
            },
            "Type": "forward",
          },
        ],
        "LoadBalancerArn": Object {
          "Ref": "VPCApplicationLoadBalancerF3CA31CB",
        },
        "Port": 8088,
        "Protocol": "HTTP",
      },
      "Type": "AWS::ElasticLoadBalancingV2::Listener",
    },
    "VPCAsteriskSecurityGroupB0CC51CE": Object {
      "Properties": Object {
        "GroupDescription": "Security Group for Asterisk Instance",
        "SecurityGroupEgress": Array [
          Object {
            "CidrIp": "0.0.0.0/0",
            "Description": "Allow all outbound traffic by default",
            "IpProtocol": "-1",
          },
        ],
        "SecurityGroupIngress": Array [
          Object {
            "CidrIp": "3.80.16.0/23",
            "Description": "Allow Chime Voice Connector Signaling Access",
            "FromPort": 5060,
            "IpProtocol": "udp",
            "ToPort": 5060,
          },
          Object {
            "CidrIp": "3.80.16.0/23",
            "Description": "Allow Chime Voice Connector Signaling Access",
            "FromPort": 5060,
            "IpProtocol": "tcp",
            "ToPort": 5061,
          },
          Object {
            "CidrIp": "99.77.253.0/24",
            "Description": "Allow Chime Voice Connector Signaling Access",
            "FromPort": 5060,
            "IpProtocol": "udp",
            "ToPort": 5060,
          },
          Object {
            "CidrIp": "99.77.253.0/24",
            "Description": "Allow Chime Voice Connector Signaling Access",
            "FromPort": 5060,
            "IpProtocol": "tcp",
            "ToPort": 5061,
          },
          Object {
            "CidrIp": "99.77.253.0/24",
            "Description": "Allow Chime Voice Connector Signaling Access",
            "FromPort": 5000,
            "IpProtocol": "udp",
            "ToPort": 65000,
          },
          Object {
            "CidrIp": "3.80.16.0/23",
            "Description": "Allow Chime Voice Connector Media Access",
            "FromPort": 5000,
            "IpProtocol": "udp",
            "ToPort": 65000,
          },
          Object {
            "CidrIp": "52.55.62.128/25",
            "Description": "Allow Chime Voice Connector Media Access",
            "FromPort": 1024,
            "IpProtocol": "udp",
            "ToPort": 65535,
          },
          Object {
            "CidrIp": "52.55.63.0/25",
            "Description": "Allow Chime Voice Connector Media Access",
            "FromPort": 1024,
            "IpProtocol": "udp",
            "ToPort": 65535,
          },
          Object {
            "CidrIp": "34.212.95.128/25",
            "Description": "Allow Chime Voice Connector Media Access",
            "FromPort": 1024,
            "IpProtocol": "udp",
            "ToPort": 65535,
          },
          Object {
            "CidrIp": "34.223.21.0/25",
            "Description": "Allow Chime Voice Connector Media Access",
            "FromPort": 1024,
            "IpProtocol": "udp",
            "ToPort": 65535,
          },
        ],
        "VpcId": Object {
          "Ref": "VPC61AD6880",
        },
      },
      "Type": "AWS::EC2::SecurityGroup",
    },
    "VPCIGWE1DD60CF": Object {
      "Properties": Object {
        "Tags": Array [
          Object {
            "Key": "Name",
            "Value": "test/VPC/VPC",
          },
        ],
      },
      "Type": "AWS::EC2::InternetGateway",
    },
    "VPCSSHSecurityGroup0495A24F": Object {
      "Properties": Object {
        "GroupDescription": "Security Group for SSH",
        "SecurityGroupEgress": Array [
          Object {
            "CidrIp": "0.0.0.0/0",
            "Description": "Allow all outbound traffic by default",
            "IpProtocol": "-1",
          },
        ],
        "SecurityGroupIngress": Array [
          Object {
            "CidrIp": "0.0.0.0/0",
            "Description": "from 0.0.0.0/0:22",
            "FromPort": 22,
            "IpProtocol": "tcp",
            "ToPort": 22,
          },
          Object {
            "CidrIp": "0.0.0.0/0",
            "Description": "from 0.0.0.0/0:3000",
            "FromPort": 3000,
            "IpProtocol": "tcp",
            "ToPort": 3000,
          },
        ],
        "VpcId": Object {
          "Ref": "VPC61AD6880",
        },
      },
      "Type": "AWS::EC2::SecurityGroup",
    },
    "VPCServerPublicSubnet1DefaultRoute0DEC8857": Object {
      "DependsOn": Array [
        "VPCVPCGW3AFA48F6",
      ],
      "Properties": Object {
        "DestinationCidrBlock": "0.0.0.0/0",
        "GatewayId": Object {
          "Ref": "VPCIGWE1DD60CF",
        },
        "RouteTableId": Object {
          "Ref": "VPCServerPublicSubnet1RouteTable140320E2",
        },
      },
      "Type": "AWS::EC2::Route",
    },
    "VPCServerPublicSubnet1RouteTable140320E2": Object {
      "Properties": Object {
        "Tags": Array [
          Object {
            "Key": "Name",
            "Value": "test/VPC/VPC/ServerPublicSubnet1",
          },
        ],
        "VpcId": Object {
          "Ref": "VPC61AD6880",
        },
      },
      "Type": "AWS::EC2::RouteTable",
    },
    "VPCServerPublicSubnet1RouteTableAssociationBCA9EE21": Object {
      "Properties": Object {
        "RouteTableId": Object {
          "Ref": "VPCServerPublicSubnet1RouteTable140320E2",
        },
        "SubnetId": Object {
          "Ref": "VPCServerPublicSubnet1SubnetF3987995",
        },
      },
      "Type": "AWS::EC2::SubnetRouteTableAssociation",
    },
    "VPCServerPublicSubnet1SubnetF3987995": Object {
      "Properties": Object {
        "AvailabilityZone": Object {
          "Fn::Select": Array [
            0,
            Object {
              "Fn::GetAZs": "",
            },
          ],
        },
        "CidrBlock": "10.0.0.0/24",
        "MapPublicIpOnLaunch": true,
        "Tags": Array [
          Object {
            "Key": "aws-cdk:subnet-name",
            "Value": "ServerPublic",
          },
          Object {
            "Key": "aws-cdk:subnet-type",
            "Value": "Public",
          },
          Object {
            "Key": "Name",
            "Value": "test/VPC/VPC/ServerPublicSubnet1",
          },
        ],
        "VpcId": Object {
          "Ref": "VPC61AD6880",
        },
      },
      "Type": "AWS::EC2::Subnet",
    },
    "VPCServerPublicSubnet2DefaultRoute6A434666": Object {
      "DependsOn": Array [
        "VPCVPCGW3AFA48F6",
      ],
      "Properties": Object {
        "DestinationCidrBlock": "0.0.0.0/0",
        "GatewayId": Object {
          "Ref": "VPCIGWE1DD60CF",
        },
        "RouteTableId": Object {
          "Ref": "VPCServerPublicSubnet2RouteTableD6971BF3",
        },
      },
      "Type": "AWS::EC2::Route",
    },
    "VPCServerPublicSubnet2RouteTableAssociationE261CDCA": Object {
      "Properties": Object {
        "RouteTableId": Object {
          "Ref": "VPCServerPublicSubnet2RouteTableD6971BF3",
        },
        "SubnetId": Object {
          "Ref": "VPCServerPublicSubnet2SubnetDB508B90",
        },
      },
      "Type": "AWS::EC2::SubnetRouteTableAssociation",
    },
    "VPCServerPublicSubnet2RouteTableD6971BF3": Object {
      "Properties": Object {
        "Tags": Array [
          Object {
            "Key": "Name",
            "Value": "test/VPC/VPC/ServerPublicSubnet2",
          },
        ],
        "VpcId": Object {
          "Ref": "VPC61AD6880",
        },
      },
      "Type": "AWS::EC2::RouteTable",
    },
    "VPCServerPublicSubnet2SubnetDB508B90": Object {
      "Properties": Object {
        "AvailabilityZone": Object {
          "Fn::Select": Array [
            1,
            Object {
              "Fn::GetAZs": "",
            },
          ],
        },
        "CidrBlock": "10.0.1.0/24",
        "MapPublicIpOnLaunch": true,
        "Tags": Array [
          Object {
            "Key": "aws-cdk:subnet-name",
            "Value": "ServerPublic",
          },
          Object {
            "Key": "aws-cdk:subnet-type",
            "Value": "Public",
          },
          Object {
            "Key": "Name",
            "Value": "test/VPC/VPC/ServerPublicSubnet2",
          },
        ],
        "VpcId": Object {
          "Ref": "VPC61AD6880",
        },
      },
      "Type": "AWS::EC2::Subnet",
    },
    "VPCVPCGW3AFA48F6": Object {
      "Properties": Object {
        "InternetGatewayId": Object {
          "Ref": "VPCIGWE1DD60CF",
        },
        "VpcId": Object {
          "Ref": "VPC61AD6880",
        },
      },
      "Type": "AWS::EC2::VPCGatewayAttachment",
    },
    "VPCasteriskEip406AFABB": Object {
      "Type": "AWS::EC2::EIP",
    },
    "VoiceConnectorpstnVoiceConnectorvoiceConnectorRequestpstnCustomResource27AF2C83": Object {
      "DeletionPolicy": "Delete",
      "Properties": Object {
        "ServiceToken": Object {
          "Fn::GetAtt": Array [
            "CustomPSTNResourcesCustomResourceProviderHandlerD046A72D",
            "Arn",
          ],
        },
        "properties": Object {
          "encryption": false,
          "logging": Object {
            "enableMediaMetricLogs": true,
            "enableSIPLogs": true,
          },
          "name": "testVoiceConnectorpstnVoiceConnector668B4AE0",
          "origination": Array [
            Object {
              "host": Object {
                "Ref": "VPCasteriskEip406AFABB",
              },
              "port": 5060,
              "priority": 1,
              "protocol": "UDP",
              "weight": 1,
            },
          ],
          "region": Object {
            "Ref": "AWS::Region",
          },
          "termination": Object {
            "callingRegions": Array [
              "US",
            ],
            "terminationCidrs": Array [
              Object {
                "Fn::Join": Array [
                  "",
                  Array [
                    Object {
                      "Ref": "VPCasteriskEip406AFABB",
                    },
                    "/32",
                  ],
                ],
              },
            ],
          },
        },
        "resourceType": "VoiceConnector",
        "uid": "testVoiceConnectorpstnVoiceConnector668B4AE0",
      },
      "Type": "Custom::PSTNResources",
      "UpdateReplacePolicy": "Delete",
    },
    "VoiceConnectorvoiceConnectorPhoneNumberChimePhoneNumberpstnCustomResource78CB2D67": Object {
      "DeletionPolicy": "Delete",
      "Properties": Object {
        "ServiceToken": Object {
          "Fn::GetAtt": Array [
            "CustomPSTNResourcesCustomResourceProviderHandlerD046A72D",
            "Arn",
          ],
        },
        "properties": Object {
          "phoneCountry": "US",
          "phoneNumberTollFreePrefix": 855,
          "phoneNumberType": "TollFree",
          "phoneProductType": "VoiceConnector",
        },
        "resourceType": "PhoneNumber",
        "uid": "testVoiceConnectorvoiceConnectorPhoneNumberD0E0D162",
      },
      "Type": "Custom::PSTNResources",
      "UpdateReplacePolicy": "Delete",
    },
    "VoiceConnectorvoiceConnectorPhoneNumberphoneAssociationpstnCustomResource63575A71": Object {
      "DeletionPolicy": "Delete",
      "Properties": Object {
        "ServiceToken": Object {
          "Fn::GetAtt": Array [
            "CustomPSTNResourcesCustomResourceProviderHandlerD046A72D",
            "Arn",
          ],
        },
        "properties": Object {
          "e164PhoneNumber": Object {
            "Fn::GetAtt": Array [
              "VoiceConnectorvoiceConnectorPhoneNumberChimePhoneNumberpstnCustomResource78CB2D67",
              "phoneNumber",
            ],
          },
          "voiceConnectorId": Object {
            "Fn::GetAtt": Array [
              "VoiceConnectorpstnVoiceConnectorvoiceConnectorRequestpstnCustomResource27AF2C83",
              "voiceConnectorId",
            ],
          },
        },
        "resourceType": "PhoneAssociation",
        "uid": "testVoiceConnectorvoiceConnectorPhoneNumberD0E0D162",
      },
      "Type": "Custom::PSTNResources",
      "UpdateReplacePolicy": "Delete",
    },
  },
  "Rules": Object {
    "CheckBootstrapVersion": Object {
      "Assertions": Array [
        Object {
          "Assert": Object {
            "Fn::Not": Array [
              Object {
                "Fn::Contains": Array [
                  Array [
                    "1",
                    "2",
                    "3",
                    "4",
                    "5",
                  ],
                  Object {
                    "Ref": "BootstrapVersion",
                  },
                ],
              },
            ],
          },
          "AssertDescription": "CDK bootstrap stack version 6 required. Please run 'cdk bootstrap' with a recent version of the CDK CLI.",
        },
      ],
    },
  },
}
`;
